// Jest Snapshot v1, https://goo.gl/fbAQLP

exports[`Button 1`] = `
<div>
  <button
    class="chakra-button css-54zu5w"
    type="button"
  />
</div>
`;
